---
source: tests/cava_widget_full.rs
expression: "format!(\"{buf:?}\")"
---
Buffer {
    area: Rect { x: 0, y: 0, width: 10, height: 2 },
    content: [
        "X         ",
        "          ",
    ],
    styles: [
        x: 0, y: 0, fg: Indexed(42), bg: Indexed(7), underline: Reset, modifier: NONE,
        x: 1, y: 0, fg: Reset, bg: Reset, underline: Reset, modifier: NONE,
    ]
}
