---
source: tests/ui_queue_render_states.rs
expression: frame
---
 F1 Library  │  F2 Queue  │  F3 Quick Play  │  F4             ⏮   ▶   ⏸   ⏹   ⏭ 
┌ Queue (1) ───────────────────────────────────────────────────────────────────┐
│  1.     A [#7] - Artist [03:00]                                              │
│                                                                              │
│                                                                              │
│                                                                              │
│                                                                              │
│                                                                              │
│                                                                              │
│                                                                              │
│                                                                              │
│                                                                              │
│                                                                              │
│                                                                              │
└──────────────────────────────────────────────────────────────────────────────┘
┌ Now Playing ─────────────────────────────────────────────────────────────────┐
│                               No track playing                               │
│                                                                              │
│                                                                              │
│                                                                              │
│                                                                              │
└──────────────────────────────────────────────────────────────────────────────┘
q:Quit │ p/Space:Pause │ h:Prev │ l:Next                                        
n:Star playing │ m:Star selected │ d:Rem
