---
source: tests/ui_responsive_layout.rs
expression: frame
---
 F1 Library   F2 Queue   F3 Quick Play   F4 Playlists   F5 Server   F6 Settings 
                                                              ⏮︎   ⏵︎   ⏸︎   ⏹︎   ⏭︎ 
┌ Playlists (1) ───────────────┐┌ Songs ───────────────────────────────────────┐
│Vertical Playlist (1 songs) [3││Select a playlist to view songs               │
│                              ││                                              │
│                              ││                                              │
│                              ││                                              │
│                              ││                                              │
│                              ││                                              │
│                              ││                                              │
│                              ││                                              │
│                              ││                                              │
└──────────────────────────────┘└──────────────────────────────────────────────┘
┌ Now Playing ─────────────────────────────────────────────────────────────────┐
│                               No track playing                               │
│                                                                              │
│                                                                              │
│                                                                              │
│                                                                              │
└──────────────────────────────────────────────────────────────────────────────┘
q:Quit │ p/Space:Pause │ h:Prev │ l:Next │ r:Repeat (off) │ y:Lyrics            
Shift+T:Shuffle library                                                         
Enter:Play │ e/i:Queue │ a:→ Playlist │ R:Rename │ D:Delete │ d:Remove          
J/K:Reorder │ t:Shuffle │ m:Star
