---
source: tests/ui_smoke.rs
expression: frame
---
 F1 Library  │  F2 Queue  │  F3 Quick Play  │  F4             ⏮   ▶   ⏸   ⏹   ⏭ 
┌ Queue (0) ───────────────────────────────────────────────────────────────────┐
│Queue is empty. Add songs from Artists or Playlists.                          │
│                                                                              │
│                                                                              │
│                                                                              │
│                                                                              │
│                                                                              │
│                                                                              │
│                                                                              │
│                                                                              │
│                                                                              │
│                                                                              │
│                                                                              │
└──────────────────────────────────────────────────────────────────────────────┘
┌ Now Playing ─────────────────────────────────────────────────────────────────┐
│                               No track playing                               │
│                                                                              │
│                                                                              │
│                                                                              │
│                                                                              │
└──────────────────────────────────────────────────────────────────────────────┘
q:Quit │ p/Space:Pause │ h:Prev │ l:Next                                        
n:Star playing │ m:Star selected │ d:Rem
