---
source: tests/ui_smoke.rs
expression: frame
---
 F1 Library  │  F2 Queue  │  F3 Quick Play  │  F4             ⏮︎   ⏵︎   ⏸︎   ⏹︎   ⏭︎ 
┌ Server Connection ───────────────────────────────────────────────────────────┐
│                                                                              │
│Server URL                                                                    │
│┌──────────────────────────────────────────────────────────┐                  │
││▏                                                         │                  │
│└──────────────────────────────────────────────────────────┘                  │
│Username                                                                      │
│┌──────────────────────────────────────────────────────────┐                  │
││                                                          │                  │
│└──────────────────────────────────────────────────────────┘                  │
│Password                                                                      │
│┌──────────────────────────────────────────────────────────┐                  │
││                                                          │                  │
│└──────────────────────────────────────────────────────────┘                  │
│                                                                              │
│[ Test Connection ]                                                           │
│[ Save ]                                                                      │
│                                                                              │
│                                                                              │
└──────────────────────────────────────────────────────────────────────────────┘
                                                                                
                                                                                
q:Quit │ p/Space:Pause │ h:Prev │ l:Next
