---
source: tests/ui_smoke.rs
expression: frame
---
 F1 Library  │  F2 Queue  │  F3 Quick Play  │  F4             ⏮︎   ⏵︎   ⏸︎   ⏹︎   ⏭︎ 
┌Song Options────────┐┌Songs───────────────────────────────────────────────────┐
│Starred             ││                                                        │
│Random              ││                                                        │
│                    ││                                                        │
│                    ││                                                        │
│                    ││                                                        │
│                    ││                                                        │
│                    ││                                                        │
│                    ││                                                        │
│                    ││                                                        │
│                    ││                                                        │
│                    ││                                                        │
│                    ││                                                        │
└────────────────────┘└────────────────────────────────────────────────────────┘
┌ Now Playing ─────────────────────────────────────────────────────────────────┐
│                               No track playing                               │
│                                                                              │
│                                                                              │
│                                                                              │
│                                                                              │
└──────────────────────────────────────────────────────────────────────────────┘
q:Quit │ p/Space:Pause │ h:Prev │ l:Next                                        
n:Star playing │ m:Star selected │ Enter
