---
source: tests/ui_server_page_render.rs
expression: frame
---
 F1 Library  │  F2 Queue  │  F3 Quick Play  │  F4             ⏮   ⏵   ⏸   ⏹   ⏭ 
┌ Server Connection ───────────────────────────────────────────────────────────┐
│                                                                              │
│Server URL                                                                    │
│┌──────────────────────────────────────────────────────────┐                  │
││                                                          │                  │
│└──────────────────────────────────────────────────────────┘                  │
│Username                                                                      │
│┌──────────────────────────────────────────────────────────┐                  │
││                                                          │                  │
│└──────────────────────────────────────────────────────────┘                  │
│Password                                                                      │
│┌──────────────────────────────────────────────────────────┐                  │
││                                                          │                  │
│└──────────────────────────────────────────────────────────┘                  │
│                                                                              │
│[ Test Connection ]                                                           │
│[ Save ]                                                                      │
│                                                                              │
│                                                                              │
└──────────────────────────────────────────────────────────────────────────────┘
┌ Now Playing ─────────────────────────────────────────────────────────────────┐
│                               No track playing                               │
│                                                                              │
│                                                                              │
│                                                                              │
│                                                                              │
└──────────────────────────────────────────────────────────────────────────────┘
q:Quit │ p/Space:Pause │ h:Prev │ l:Next                                        
Tab:Next field │ Enter:Test/Save │ Ctrl+
